[DEBUG][25-11-15][org.apache.ibatis.logging.LogFactory]Logging initialized using 'class org.apache.ibatis.logging.log4j.Log4jImpl' adapter.
[DEBUG][25-11-15][org.apache.ibatis.logging.LogFactory]Logging initialized using 'class org.apache.ibatis.logging.log4j.Log4jImpl' adapter.
[DEBUG][25-11-15][org.apache.ibatis.datasource.pooled.PooledDataSource]PooledDataSource forcefully closed/removed all connections.
[DEBUG][25-11-15][org.apache.ibatis.datasource.pooled.PooledDataSource]PooledDataSource forcefully closed/removed all connections.
[DEBUG][25-11-15][org.apache.ibatis.datasource.pooled.PooledDataSource]PooledDataSource forcefully closed/removed all connections.
[DEBUG][25-11-15][org.apache.ibatis.datasource.pooled.PooledDataSource]PooledDataSource forcefully closed/removed all connections.
[DEBUG][25-11-15][org.apache.ibatis.logging.LogFactory]Logging initialized using 'class org.apache.ibatis.logging.log4j.Log4jImpl' adapter.
[DEBUG][25-11-15][org.apache.ibatis.logging.LogFactory]Logging initialized using 'class org.apache.ibatis.logging.log4j.Log4jImpl' adapter.
[DEBUG][25-11-15][org.apache.ibatis.datasource.pooled.PooledDataSource]PooledDataSource forcefully closed/removed all connections.
[DEBUG][25-11-15][org.apache.ibatis.datasource.pooled.PooledDataSource]PooledDataSource forcefully closed/removed all connections.
[DEBUG][25-11-15][org.apache.ibatis.datasource.pooled.PooledDataSource]PooledDataSource forcefully closed/removed all connections.
[DEBUG][25-11-15][org.apache.ibatis.datasource.pooled.PooledDataSource]PooledDataSource forcefully closed/removed all connections.
[DEBUG][25-11-15][org.apache.ibatis.logging.LogFactory]Logging initialized using 'class org.apache.ibatis.logging.log4j.Log4jImpl' adapter.
[DEBUG][25-11-15][org.apache.ibatis.logging.LogFactory]Logging initialized using 'class org.apache.ibatis.logging.log4j.Log4jImpl' adapter.
[DEBUG][25-11-15][org.apache.ibatis.datasource.pooled.PooledDataSource]PooledDataSource forcefully closed/removed all connections.
[DEBUG][25-11-15][org.apache.ibatis.datasource.pooled.PooledDataSource]PooledDataSource forcefully closed/removed all connections.
[DEBUG][25-11-15][org.apache.ibatis.datasource.pooled.PooledDataSource]PooledDataSource forcefully closed/removed all connections.
[DEBUG][25-11-15][org.apache.ibatis.datasource.pooled.PooledDataSource]PooledDataSource forcefully closed/removed all connections.
[DEBUG][25-11-15][org.apache.ibatis.transaction.jdbc.JdbcTransaction]Opening JDBC Connection
[DEBUG][25-11-15][org.apache.ibatis.datasource.pooled.PooledDataSource]Created connection 279593458.
[DEBUG][25-11-15][org.apache.ibatis.transaction.jdbc.JdbcTransaction]Setting autocommit to false on JDBC Connection [com.mysql.cj.jdbc.ConnectionImpl@10aa41f2]
[DEBUG][25-11-15][com.yangq.dao.UserMapper.getUserByLimit]==>  Preparing: select * from mybatis.user limit ?,?
[DEBUG][25-11-15][com.yangq.dao.UserMapper.getUserByLimit]==> Parameters: 1(Integer), 4(Integer)
[DEBUG][25-11-15][com.yangq.dao.UserMapper.getUserByLimit]<==      Total: 4
[DEBUG][25-11-15][org.apache.ibatis.transaction.jdbc.JdbcTransaction]Resetting autocommit to true on JDBC Connection [com.mysql.cj.jdbc.ConnectionImpl@10aa41f2]
[DEBUG][25-11-15][org.apache.ibatis.transaction.jdbc.JdbcTransaction]Closing JDBC Connection [com.mysql.cj.jdbc.ConnectionImpl@10aa41f2]
[DEBUG][25-11-15][org.apache.ibatis.datasource.pooled.PooledDataSource]Returned connection 279593458 to pool.
[DEBUG][25-11-15][org.apache.ibatis.logging.LogFactory]Logging initialized using 'class org.apache.ibatis.logging.log4j.Log4jImpl' adapter.
[DEBUG][25-11-15][org.apache.ibatis.logging.LogFactory]Logging initialized using 'class org.apache.ibatis.logging.log4j.Log4jImpl' adapter.
[DEBUG][25-11-15][org.apache.ibatis.datasource.pooled.PooledDataSource]PooledDataSource forcefully closed/removed all connections.
[DEBUG][25-11-15][org.apache.ibatis.datasource.pooled.PooledDataSource]PooledDataSource forcefully closed/removed all connections.
[DEBUG][25-11-15][org.apache.ibatis.datasource.pooled.PooledDataSource]PooledDataSource forcefully closed/removed all connections.
[DEBUG][25-11-15][org.apache.ibatis.datasource.pooled.PooledDataSource]PooledDataSource forcefully closed/removed all connections.
[DEBUG][25-11-15][org.apache.ibatis.transaction.jdbc.JdbcTransaction]Opening JDBC Connection
[DEBUG][25-11-15][org.apache.ibatis.datasource.pooled.PooledDataSource]Created connection 279593458.
[DEBUG][25-11-15][org.apache.ibatis.transaction.jdbc.JdbcTransaction]Setting autocommit to false on JDBC Connection [com.mysql.cj.jdbc.ConnectionImpl@10aa41f2]
[DEBUG][25-11-15][com.yangq.dao.UserMapper.getUserByLimit]==>  Preparing: select * from mybatis.user limit ?,?
[DEBUG][25-11-15][com.yangq.dao.UserMapper.getUserByLimit]==> Parameters: 1(Integer), 4(Integer)
[DEBUG][25-11-15][com.yangq.dao.UserMapper.getUserByLimit]<==      Total: 4
[DEBUG][25-11-15][org.apache.ibatis.transaction.jdbc.JdbcTransaction]Resetting autocommit to true on JDBC Connection [com.mysql.cj.jdbc.ConnectionImpl@10aa41f2]
[DEBUG][25-11-15][org.apache.ibatis.transaction.jdbc.JdbcTransaction]Closing JDBC Connection [com.mysql.cj.jdbc.ConnectionImpl@10aa41f2]
[DEBUG][25-11-15][org.apache.ibatis.datasource.pooled.PooledDataSource]Returned connection 279593458 to pool.
[DEBUG][25-11-15][org.apache.ibatis.logging.LogFactory]Logging initialized using 'class org.apache.ibatis.logging.log4j.Log4jImpl' adapter.
[DEBUG][25-11-15][org.apache.ibatis.logging.LogFactory]Logging initialized using 'class org.apache.ibatis.logging.log4j.Log4jImpl' adapter.
[DEBUG][25-11-15][org.apache.ibatis.datasource.pooled.PooledDataSource]PooledDataSource forcefully closed/removed all connections.
[DEBUG][25-11-15][org.apache.ibatis.datasource.pooled.PooledDataSource]PooledDataSource forcefully closed/removed all connections.
[DEBUG][25-11-15][org.apache.ibatis.datasource.pooled.PooledDataSource]PooledDataSource forcefully closed/removed all connections.
[DEBUG][25-11-15][org.apache.ibatis.datasource.pooled.PooledDataSource]PooledDataSource forcefully closed/removed all connections.
[DEBUG][25-11-15][org.apache.ibatis.transaction.jdbc.JdbcTransaction]Opening JDBC Connection
[DEBUG][25-11-15][org.apache.ibatis.datasource.pooled.PooledDataSource]Created connection 1789718525.
[DEBUG][25-11-15][org.apache.ibatis.transaction.jdbc.JdbcTransaction]Setting autocommit to false on JDBC Connection [com.mysql.cj.jdbc.ConnectionImpl@6aaceffd]
[DEBUG][25-11-15][com.yangq.dao.UserMapper.getUserByLimit]==>  Preparing: select * from mybatis.user limit ?,?
[DEBUG][25-11-15][com.yangq.dao.UserMapper.getUserByLimit]==> Parameters: 1(Integer), 4(Integer)
[DEBUG][25-11-15][com.yangq.dao.UserMapper.getUserByLimit]<==      Total: 4
[DEBUG][25-11-15][org.apache.ibatis.transaction.jdbc.JdbcTransaction]Resetting autocommit to true on JDBC Connection [com.mysql.cj.jdbc.ConnectionImpl@6aaceffd]
[DEBUG][25-11-15][org.apache.ibatis.transaction.jdbc.JdbcTransaction]Closing JDBC Connection [com.mysql.cj.jdbc.ConnectionImpl@6aaceffd]
[DEBUG][25-11-15][org.apache.ibatis.datasource.pooled.PooledDataSource]Returned connection 1789718525 to pool.
[DEBUG][25-11-19][org.apache.ibatis.logging.LogFactory]Logging initialized using 'class org.apache.ibatis.logging.log4j.Log4jImpl' adapter.
[DEBUG][25-11-19][org.apache.ibatis.logging.LogFactory]Logging initialized using 'class org.apache.ibatis.logging.log4j.Log4jImpl' adapter.
[DEBUG][25-11-19][org.apache.ibatis.datasource.pooled.PooledDataSource]PooledDataSource forcefully closed/removed all connections.
[DEBUG][25-11-19][org.apache.ibatis.datasource.pooled.PooledDataSource]PooledDataSource forcefully closed/removed all connections.
[DEBUG][25-11-19][org.apache.ibatis.datasource.pooled.PooledDataSource]PooledDataSource forcefully closed/removed all connections.
[DEBUG][25-11-19][org.apache.ibatis.datasource.pooled.PooledDataSource]PooledDataSource forcefully closed/removed all connections.
[DEBUG][25-11-19][org.apache.ibatis.transaction.jdbc.JdbcTransaction]Opening JDBC Connection
[DEBUG][25-11-19][org.apache.ibatis.datasource.pooled.PooledDataSource]Created connection 279593458.
[DEBUG][25-11-19][org.apache.ibatis.transaction.jdbc.JdbcTransaction]Setting autocommit to false on JDBC Connection [com.mysql.cj.jdbc.ConnectionImpl@10aa41f2]
[DEBUG][25-11-19][com.yangq.dao.UserMapper.getUserByLimit]==>  Preparing: select * from mybatis.user limit ?,?
[DEBUG][25-11-19][com.yangq.dao.UserMapper.getUserByLimit]==> Parameters: 1(Integer), 4(Integer)
[DEBUG][25-11-19][com.yangq.dao.UserMapper.getUserByLimit]<==      Total: 4
[DEBUG][25-11-19][org.apache.ibatis.transaction.jdbc.JdbcTransaction]Resetting autocommit to true on JDBC Connection [com.mysql.cj.jdbc.ConnectionImpl@10aa41f2]
[DEBUG][25-11-19][org.apache.ibatis.transaction.jdbc.JdbcTransaction]Closing JDBC Connection [com.mysql.cj.jdbc.ConnectionImpl@10aa41f2]
[DEBUG][25-11-19][org.apache.ibatis.datasource.pooled.PooledDataSource]Returned connection 279593458 to pool.
[DEBUG][25-11-19][org.apache.ibatis.logging.LogFactory]Logging initialized using 'class org.apache.ibatis.logging.log4j.Log4jImpl' adapter.
[DEBUG][25-11-19][org.apache.ibatis.logging.LogFactory]Logging initialized using 'class org.apache.ibatis.logging.log4j.Log4jImpl' adapter.
[DEBUG][25-11-19][org.apache.ibatis.datasource.pooled.PooledDataSource]PooledDataSource forcefully closed/removed all connections.
[DEBUG][25-11-19][org.apache.ibatis.datasource.pooled.PooledDataSource]PooledDataSource forcefully closed/removed all connections.
[DEBUG][25-11-19][org.apache.ibatis.datasource.pooled.PooledDataSource]PooledDataSource forcefully closed/removed all connections.
[DEBUG][25-11-19][org.apache.ibatis.datasource.pooled.PooledDataSource]PooledDataSource forcefully closed/removed all connections.
[DEBUG][25-11-19][org.apache.ibatis.transaction.jdbc.JdbcTransaction]Opening JDBC Connection
[DEBUG][25-11-19][org.apache.ibatis.datasource.pooled.PooledDataSource]Created connection 249034932.
[DEBUG][25-11-19][org.apache.ibatis.transaction.jdbc.JdbcTransaction]Setting autocommit to false on JDBC Connection [com.mysql.cj.jdbc.ConnectionImpl@ed7f8b4]
[DEBUG][25-11-19][com.yangq.dao.UserMapper.getUserByLimit]==>  Preparing: select * from mybatis.user limit ?,?
[DEBUG][25-11-19][com.yangq.dao.UserMapper.getUserByLimit]==> Parameters: 1(Integer), 4(Integer)
[DEBUG][25-11-19][com.yangq.dao.UserMapper.getUserByLimit]<==      Total: 4
[DEBUG][25-11-19][org.apache.ibatis.transaction.jdbc.JdbcTransaction]Resetting autocommit to true on JDBC Connection [com.mysql.cj.jdbc.ConnectionImpl@ed7f8b4]
[DEBUG][25-11-19][org.apache.ibatis.transaction.jdbc.JdbcTransaction]Closing JDBC Connection [com.mysql.cj.jdbc.ConnectionImpl@ed7f8b4]
[DEBUG][25-11-19][org.apache.ibatis.datasource.pooled.PooledDataSource]Returned connection 249034932 to pool.
[DEBUG][25-11-21][org.apache.ibatis.logging.LogFactory]Logging initialized using 'class org.apache.ibatis.logging.log4j.Log4jImpl' adapter.
[DEBUG][25-11-21][org.apache.ibatis.logging.LogFactory]Logging initialized using 'class org.apache.ibatis.logging.log4j.Log4jImpl' adapter.
[DEBUG][25-11-21][org.apache.ibatis.datasource.pooled.PooledDataSource]PooledDataSource forcefully closed/removed all connections.
[DEBUG][25-11-21][org.apache.ibatis.datasource.pooled.PooledDataSource]PooledDataSource forcefully closed/removed all connections.
[DEBUG][25-11-21][org.apache.ibatis.datasource.pooled.PooledDataSource]PooledDataSource forcefully closed/removed all connections.
[DEBUG][25-11-21][org.apache.ibatis.datasource.pooled.PooledDataSource]PooledDataSource forcefully closed/removed all connections.
[DEBUG][25-11-21][org.apache.ibatis.transaction.jdbc.JdbcTransaction]Opening JDBC Connection
[DEBUG][25-11-21][org.apache.ibatis.datasource.pooled.PooledDataSource]Created connection 279593458.
[DEBUG][25-11-21][org.apache.ibatis.transaction.jdbc.JdbcTransaction]Setting autocommit to false on JDBC Connection [com.mysql.cj.jdbc.ConnectionImpl@10aa41f2]
[DEBUG][25-11-21][com.yangq.dao.UserMapper.getUserByLimit]==>  Preparing: select * from mybatis.user limit ?,?
[DEBUG][25-11-21][com.yangq.dao.UserMapper.getUserByLimit]==> Parameters: 1(Integer), 4(Integer)
[DEBUG][25-11-21][com.yangq.dao.UserMapper.getUserByLimit]<==      Total: 4
[DEBUG][25-11-21][org.apache.ibatis.transaction.jdbc.JdbcTransaction]Resetting autocommit to true on JDBC Connection [com.mysql.cj.jdbc.ConnectionImpl@10aa41f2]
[DEBUG][25-11-21][org.apache.ibatis.transaction.jdbc.JdbcTransaction]Closing JDBC Connection [com.mysql.cj.jdbc.ConnectionImpl@10aa41f2]
[DEBUG][25-11-21][org.apache.ibatis.datasource.pooled.PooledDataSource]Returned connection 279593458 to pool.
